// Jest Snapshot v1, https://goo.gl/fbAQLP

exports[`renders correctly 1`] = `
<header__HeaderWrapper>
  <h1>
    DevBricks
  </h1>
</header__HeaderWrapper>
`;
